[helperscript.com/dream11v2/matchlist/dream11-match-prediction-cricket.html]
[maxcdn.bootstrapcdn.com/bootstrap/4.0.0/css/bootstrap.min.css]
[helperscript.com/dream11v2/dream11.css]
[backblue.gif]
[fade.gif]
[index.html]
[pagead2.googlesyndication.com/pagead/js/f.txt]
[helperscript.com/dream11v2/matchlist/img/dream11prediction-logo.png]
[code.jquery.com/jquery-3.2.1.min.js]
[cdnjs.cloudflare.com/ajax/libs/popper.js/1.12.9/umd/popper.min.js]
[maxcdn.bootstrapcdn.com/bootstrap/4.0.0/js/bootstrap.min.js]
[helperscript.com/dream11v2/matchlist/matchListd794.js]
[helperscript.com/dream11v2/matchlist/dream11-match-prediction-cricketa041.js]
[helperscript.com/dream11v2/matchlist/dream11-match-prediction-cricket.html]
[maxcdn.bootstrapcdn.com/bootstrap/4.0.0/css/bootstrap.min.css]
[helperscript.com/dream11v2/dream11.css]
[helperscript.com/dream11v2/matchlist/matchListd794.js]
[helperscript.com/dream11v2/matchlist/dream11-match-prediction-cricketa041.js]
[helperscript.com/dream11v2/matchlist/select-player/dream11-cricket-team-generator.html]
[cdnjs.cloudflare.com/ajax/libs/underscore.js/1.9.1/underscore.js]
[helperscript.com/dream11v2/matchlist/select-player/matchList0d16.js]
[helperscript.com/dream11v2/matchlist/select-player/dream11-cricket-team-generator.html]
[helperscript.com/dream11v2/matchlist/select-player/matchList0d16.html]
[helperscript.com/dream11v2/matchlist/select-player/dream11-cricket-team-generator0574.js]
[helperscript.com/dream11v2/matchlist/select-player/dream11-cricket-team-generator0574.js]
[helperscript.com/dream11v2/matchlist/cricket-team-generator/prediction.html]
[helperscript.com/dream11v2/matchlist/cricket-team-generator/prediction.html]
[helperscript.com/dream11v2/matchlist/cricket-team-generator/dream11-cricket-generator2726.js]
[helperscript.com/dream11v2/matchlist/img/wk.svg]
[helperscript.com/dream11v2/matchlist/img/all.svg]
[helperscript.com/dream11v2/matchlist/img/bwl.svg]
[helperscript.com/dream11v2/matchlist/cricket-team-generator/dream11-cricket-generator2726.js]
[helperscript.com/dream11v2/matchlist/img/wk.svg]
[helperscript.com/dream11v2/matchlist/img/all.svg]
[helperscript.com/dream11v2/matchlist/img/bwl.svg]
[helperscript.com/dream11v2/matchlist/img/bat.svg]
[helperscript.com/dream11v2/matchlist/img/bat.svg]
